// Jest Snapshot v1, https://goo.gl/fbAQLP

exports[`EducationalMomentIcon component Matches the snapshot 1`] = `ShallowWrapper {}`;
