// Jest Snapshot v1, https://goo.gl/fbAQLP

exports[`EducationalMomentTooltip component Matches the snapshot 1`] = `ShallowWrapper {}`;
